
> brand-forge-ai@0.1.0 build
> next build

Γû▓ Next.js 16.1.6 (Turbopack)
- Environments: .env.local, .env

  Creating an optimized production build ...
Γ£ô Compiled successfully in 8.0s
  Running TypeScript ...
node.exe : Failed to compile.
At C:\Program Files\nodejs\npm.ps1:29 char:3
+   & $NODE_EXE $NPM_CLI_JS $args
+   ~~~~~~~~~~~~~~~~~~~~~~~~~~~~~
    + CategoryInfo          : NotSpecified: ( 
   Failed to compile.:String) [], RemoteExce  
  ption
    + FullyQualifiedErrorId : NativeCommandEr 
   ror
 

./src/app/api/export-design/route.ts:30:38
Type error: 'session.user' is possibly 
'undefined'.

[0m [90m 28 |[39m         [90m// Update 
Design in DB with final image and current 
layout[39m
 [90m 29 |[39m         [36mconst[39m 
design [33m=[39m [36mawait[39m 
[33mDesign[39m[33m.[39mfindOneAndUpdate(
[31m[1m>[22m[39m[90m 30 |[39m           
  { _id[33m:[39m designId[33m,[39m 
userId[33m:[39m 
session[33m.[39muser[33m.[39mid 
}[33m,[39m
 [90m    |[39m                              
        [31m[1m^[22m[39m
 [90m 31 |[39m             {
 [90m 32 |[39m                 
$set[33m:[39m {
 [90m 33 |[39m                     
finalImageUrl[33m,[39m[0m
Next.js build worker exited with code: 1 and 
signal: null
